../Core/Src/main.c:70:6:SendCardDataToESP32	32	static
../Core/Src/main.c:88:6:Test_SPI_Connection	112	static
../Core/Src/main.c:106:6:Test_HX711_Connection	192	static
../Core/Src/main.c:149:6:MFRC522_Debug	168	static
../Core/Src/main.c:192:5:main	272	static
../Core/Src/main.c:330:6:SystemClock_Config	88	static
../Core/Src/main.c:383:13:MX_SPI4_Init	8	static
../Core/Src/main.c:421:13:MX_USART1_UART_Init	8	static
../Core/Src/main.c:454:13:MX_USART2_UART_Init	8	static
../Core/Src/main.c:486:13:MX_GPIO_Init	48	static
../Core/Src/main.c:557:6:Error_Handler	4	static,ignoring_inline_asm
